// Jest Snapshot v1, https://goo.gl/fbAQLP

exports[`header test 1`] = `
<header>
  <h1>
    Epensify
  </h1>
  r
  <NavLink
    activeClassName="is-active"
    aria-current="page"
    exact={true}
    to="/"
  >
    Dashboard
  </NavLink>
  <NavLink
    activeClassName="is-active"
    aria-current="page"
    exact={true}
    to="/create"
  >
    Create Expense
  </NavLink>
  <NavLink
    activeClassName="is-active"
    aria-current="page"
    exact={true}
    to="/help"
  >
    Help
  </NavLink>
</header>
`;
